// Jest Snapshot v1, https://goo.gl/fbAQLP

exports[`renders correctly 1`] = `
<div>
  <div
    className={undefined}
    style={
      Object {
        "backgroundColor": "transparent",
        "display": "inline-block",
        "fontFamily": "Roboto, sans-serif",
        "fontSize": 20,
        "height": 72,
        "lineHeight": "24px",
        "muiPrepared": true,
        "position": "relative",
        "transition": "height 200ms cubic-bezier(0.23, 1, 0.32, 1) 0ms",
        "width": "100%",
      }
    }
  >
    <label
      className={undefined}
      htmlFor="undefined-Whatdoyouneedtodo-Whatdoyouneedtodo-38509"
      onTouchTap={undefined}
      style={
        Object {
          "color": "rgba(0, 0, 0, 0.3)",
          "cursor": "text",
          "lineHeight": "22px",
          "muiPrepared": true,
          "pointerEvents": "none",
          "position": "absolute",
          "top": 38,
          "transform": "scale(1) translate(0, 0)",
          "transformOrigin": "left top",
          "transition": "all 450ms cubic-bezier(0.23, 1, 0.32, 1) 0ms",
          "userSelect": "none",
          "zIndex": 1,
        }
      }
    >
      What do you need to do?
    </label>
    <div
      style={
        Object {
          "bottom": 12,
          "color": "rgba(0, 0, 0, 0.3)",
          "muiPrepared": true,
          "opacity": 0,
          "position": "absolute",
          "transition": "all 450ms cubic-bezier(0.23, 1, 0.32, 1) 0ms",
        }
      }
    >
      What do you need to do?
    </div>
    <input
      disabled={false}
      id="undefined-Whatdoyouneedtodo-Whatdoyouneedtodo-38509"
      onBlur={[Function]}
      onChange={[Function]}
      onFocus={[Function]}
      onKeyDown={[Function]}
      style={
        Object {
          "WebkitTapHighlightColor": "rgba(0,0,0,0)",
          "backgroundColor": "rgba(0,0,0,0)",
          "border": "none",
          "boxSizing": "border-box",
          "color": "rgba(0, 0, 0, 0.87)",
          "cursor": "initial",
          "font": "inherit",
          "height": "100%",
          "marginTop": 14,
          "muiPrepared": true,
          "outline": "none",
          "padding": 0,
          "position": "relative",
          "width": "100%",
        }
      }
      type="text"
      value=""
    />
    <div>
      <hr
        style={
          Object {
            "border": "none",
            "borderBottom": "solid 1px",
            "borderColor": "#e0e0e0",
            "bottom": 8,
            "boxSizing": "content-box",
            "margin": 0,
            "muiPrepared": true,
            "position": "absolute",
            "width": "100%",
          }
        }
      />
      <hr
        style={
          Object {
            "border": "none",
            "borderBottom": "solid 2px",
            "borderColor": "#00bcd4",
            "bottom": 8,
            "boxSizing": "content-box",
            "margin": 0,
            "muiPrepared": true,
            "position": "absolute",
            "transform": "scaleX(0)",
            "transition": "all 450ms cubic-bezier(0.23, 1, 0.32, 1) 0ms",
            "width": "100%",
          }
        }
      />
    </div>
  </div>
</div>
`;
